../Core/Src/main.c:50:6:adc_init	48	static
../Core/Src/main.c:87:6:adc_start	16	static
../Core/Src/main.c:93:10:adc_read	16	static
../Core/Src/main.c:102:5:main	8	static
../Core/Src/main.c:133:6:SystemClock_Config	88	static
../Core/Src/main.c:175:13:MX_USART2_UART_Init	8	static
../Core/Src/main.c:196:13:MX_GPIO_Init	40	static
../Core/Src/main.c:216:6:Task1_function	40	static
../Core/Src/main.c:242:6:Task2_function	16	static
../Core/Src/main.c:257:6:Timer1_function	16	static
../Core/Src/main.c:263:6:Timer2_func	16	static
../Core/Src/main.c:268:6:Error_Handler	4	static,ignoring_inline_asm
